// Jest Snapshot v1, https://goo.gl/fbAQLP

exports[`test-tree-list-2 1`] = `
"
        <div id=\\"tree-widget-1\\" class=\\"dktree panel panel-default\\"><div id=\\"dk-bx-1\\" class=\\"panel-body\\"><ul id=\\"dk-bx-2\\" class=\\"tree\\" style=\\"padding-left: 0px;\\"><li id=\\"tree-1\\" class=\\"Tree tree company\\" nodeid=\\"c57\\" kind=\\"company\\"><dk-icon id=\\"dk-bx-3\\" class=\\"icon\\" value=\\"plus-square-o:fw\\"></dk-icon><span id=\\"dk-bx-4\\">Bar1</span><ul id=\\"dk-bx-5\\" class=\\"subtree\\" style=\\"display: none;\\"><li id=\\"leaf-1\\" class=\\"dk-tree-list-leaf leaf department\\" nodeid=\\"d329\\" kind=\\"department\\">Bar3</li><li id=\\"leaf-2\\" class=\\"dk-tree-list-leaf leaf department\\" nodeid=\\"d328\\" kind=\\"department\\">Bar2</li></ul></li></ul></div></div>"
`;
