// Jest Snapshot v1, https://goo.gl/fbAQLP

exports[`test-data-filter-single 1`] = `
"<section id=\\"data-filter-1\\" class=\\"DataFilter\\"><header id=\\"dk-bx-1\\"><h2 id=\\"dk-bx-2\\" class=\\"title\\">Filter</h2></header><div id=\\"dk-bx-3\\" class=\\"content\\"><div id=\\"select-one-filter-def-1\\" class=\\"SelectOneFilterDef\\"><div id=\\"dk-bx-4\\" class=\\"filter-name filterbox\\"><header id=\\"dk-bx-5\\" class=\\"filterheader\\"><h4 id=\\"dk-bx-6\\" class=\\"filtertitle\\">Filter Label</h4></header><div id=\\"dk-bx-7\\" class=\\"filter content filtercontent RadioSelectWidget\\"><label id=\\"filter_name-1-label\\" for=\\"filter_name-1\\"><input type=\\"radio\\" name=\\"filter_name\\" id=\\"filter_name-1\\" value=\\"1\\">&nbsp;1</label>
        <label id=\\"filter_name-2-label\\" for=\\"filter_name-2\\"><input type=\\"radio\\" name=\\"filter_name\\" id=\\"filter_name-2\\" value=\\"2\\">&nbsp;2</label>
        <label id=\\"filter_name-3-label\\" for=\\"filter_name-3\\"><input type=\\"radio\\" name=\\"filter_name\\" id=\\"filter_name-3\\" value=\\"3\\">&nbsp;3</label>
        </div></div></div></div></section>"
`;
