// Jest Snapshot v1, https://goo.gl/fbAQLP

exports[`test-datatable 1`] = `
<div
  id="work"
>
  <table
    class="DataTable dk-bx"
    id="data-table-1"
  >
    <thead
      id="dk-bx-1"
    >
      

      <tr
        id="dk-table-1"
      >
        

        <th
          class="string"
          fieldname="project"
          id="dk-table-2"
          scope="col"
          style="cursor: url(\\"https://static.datakortet.no/dk/sort-az.cur\\"), pointer;"
          title=""
        >
          <div
            class="SortDirection sort-icon"
            id="sort-direction-1"
            style="float: right; width: 2ex; margin-left: 2ex;"
          >
            <i
              class="icon fa fa-chevron-down chevron-down"
              icon="chevron-down"
              value="down"
            />
          </div>
          Prosjekt
        </th>
        

        

        <th
          class="string"
          fieldname="work"
          id="dk-table-3"
          scope="col"
          style="cursor: url(\\"https://static.datakortet.no/dk/sort-za.cur\\"), pointer;"
          title=""
        >
          <div
            class="SortDirection sort-icon"
            id="sort-direction-2"
            style="float: right; width: 2ex; margin-left: 2ex;"
          />
          Arbeid
        </th>
        

      </tr>
      

    </thead>
    <tfoot
      id="dk-bx-2"
    />
    <tbody
      id="dk-bx-3"
    >
      

      <tr
        class="TableRow"
        id="dk-table-7"
        pk="1"
        rownum="0"
      >
        

        <td
          axis="project"
          class="TableCell"
          id="dk-tr-7"
        >
          Tiktok
        </td>
        

        

        <td
          axis="work"
          class="TableCell"
          id="dk-tr-8"
        >
          2:44:57
        </td>
        

      </tr>
      

      

      <tr
        class="TableRow"
        id="dk-table-8"
        pk="0"
        rownum="1"
      >
        

        <td
          axis="project"
          class="TableCell"
          id="dk-tr-9"
        >
          Generelt NT
        </td>
        

        

        <td
          axis="work"
          class="TableCell"
          id="dk-tr-10"
        >
          1:03:57
        </td>
        

      </tr>
      

      

      <tr
        class="TableRow"
        id="dk-table-9"
        pk="2"
        rownum="2"
      >
        

        <td
          axis="project"
          class="TableCell"
          id="dk-tr-11"
        >
          FOO-support
        </td>
        

        

        <td
          axis="work"
          class="TableCell"
          id="dk-tr-12"
        >
          1:06:43
        </td>
        

      </tr>
      

    </tbody>
  </table>
</div>
`;
