// Jest Snapshot v1, https://goo.gl/fbAQLP

exports[`test-data-filter-custom 1`] = `"<section id=\\"data-filter-1\\" class=\\"DataFilter\\"><header id=\\"dk-bx-1\\"><h2 id=\\"dk-bx-2\\" class=\\"title\\">Filter</h2></header><div id=\\"dk-bx-3\\" class=\\"content\\"><div id=\\"custom-filter-def-1\\" class=\\"CustomFilterDef\\"><div id=\\"dk-bx-4\\" class=\\"filterbox\\"><header id=\\"dk-bx-5\\" class=\\"filterheader\\"><h4 id=\\"dk-bx-6\\" class=\\"filtertitle\\">Smil</h4></header><div id=\\"dk-bx-7\\" class=\\"filter content filtercontent\\"><button>:-)</button></div></div></div></div></section>"`;
